Copyright 1986-2015 Xilinx, Inc. All Rights Reserved.
-----------------------------------------------------------------------------------------
| Tool Version : Vivado v.2015.4 (lin64) Build 1412921 Wed Nov 18 09:44:32 MST 2015
| Date         : Wed Dec 30 18:56:15 2015
| Host         : nolan-desktop running 64-bit Fedora release 23 (Twenty Three)
| Command      : report_control_sets -verbose -file ac_interface_control_sets_placed.rpt
| Design       : ac_interface
| Device       : xc7z010
-----------------------------------------------------------------------------------------

Control Set Information

Table of Contents
-----------------
1. Summary
2. Flip-Flop Distribution
3. Detailed Control Set Information

1. Summary
----------

+-------------------------------------------------------------------+-------+
|                               Status                              | Count |
+-------------------------------------------------------------------+-------+
| Number of unique control sets                                     |     8 |
| Minimum Number of register sites lost to control set restrictions |    20 |
+-------------------------------------------------------------------+-------+


2. Flip-Flop Distribution
-------------------------

+--------------+-----------------------+------------------------+-----------------+--------------+
| Clock Enable | Synchronous Set/Reset | Asynchronous Set/Reset | Total Registers | Total Slices |
+--------------+-----------------------+------------------------+-----------------+--------------+
| No           | No                    | No                     |              52 |           14 |
| No           | No                    | Yes                    |               0 |            0 |
| No           | Yes                   | No                     |              32 |            8 |
| Yes          | No                    | No                     |              96 |           20 |
| Yes          | No                    | Yes                    |               0 |            0 |
| Yes          | Yes                   | No                     |               0 |            0 |
+--------------+-----------------------+------------------------+-----------------+--------------+


3. Detailed Control Set Information
-----------------------------------

+-----------------------+----------------------------+---------------------------+------------------+----------------+
|      Clock Signal     |        Enable Signal       |      Set/Reset Signal     | Slice Load Count | Bel Load Count |
+-----------------------+----------------------------+---------------------------+------------------+----------------+
| ~AC_BCLK_OBUF_BUFG    |                            |                           |                1 |              1 |
|  mclk_internal        |                            |                           |                2 |              9 |
|  AC_BCLK_OBUF_BUFG    |                            |                           |                3 |             10 |
|  AC_BCLK_OBUF_BUFG    | i2s_rx/lrclk_nedge         |                           |                6 |             32 |
|  AC_BCLK_OBUF_BUFG    | i2s_rx/p_0_in              |                           |                8 |             32 |
| ~AC_BCLK_OBUF_BUFG    |                            | i2s_tx/bit_cnt[0]_i_1_n_0 |                8 |             32 |
| ~AC_BCLK_OBUF_BUFG    | i2s_tx/left[31]_i_1__0_n_0 |                           |                6 |             32 |
|  frame_sync_OBUF_BUFG |                            |                           |                8 |             32 |
+-----------------------+----------------------------+---------------------------+------------------+----------------+


